I'm sorry, but errors were detected in your script. Please correct the
errors listed below, and try again.


File "game/test_case/test_case_setup.rpy", line 298: frame expects a non-empty block.
    if inspect_dict["herring_action"] != "":
                                            ^

Ren'Py Version: Ren'Py 8.1.1.23060707
Sun Feb  4 15:52:33 2024
